
> portfolio@0.1.0 build
> next build

▲ Next.js 16.2.3 (Turbopack)

  Creating an optimized production build ...
✓ Compiled successfully in 3.2s
  Running TypeScript ...
node.exe : Failed to type check.
At line:1 char:1
+ & "C:\Program Files\nodejs/node.exe" "C:\Program Files\nodejs/node_mo ...
+ ~~~~~~~~~~~~~~~~~~~~~~~~~~~~~~~~~~~~~~~~~~~~~~~~~~~~~~~~~~~~~~~~~~~~~
    + CategoryInfo          : NotSpecified: (Failed to type check.:String) [], RemoteException
    + FullyQualifiedErrorId : NativeCommandError
 

./app/about/page.tsx:40:8
Type error: Type '{ children: Element[]; style: { display: "flex"; justifyContent: "space-between"; alignItems: 
"center"; padding: string; flexShrink: number; }; initial: { opacity: number; y: number; }; animate: { ...; }; 
transition: { ...; }; }' is not assignable to type 'Omit<HTMLMotionProps<"div">, "ref">'.
  Types of property 'transition' are incompatible.
    Type '{ duration: number; delay: number; ease: number[]; }' is not assignable to type 'Transition<any> | 
undefined'.
      Type '{ duration: number; delay: number; ease: number[]; }' is not assignable to type 
'TransitionWithValueOverrides<any>'.
        Type '{ duration: number; delay: number; ease: number[]; }' is not assignable to type 
'ValueAnimationTransition<any>'.
          Types of property 'ease' are incompatible.
            Type 'number[]' is not assignable to type 'Easing | Easing[] | undefined'.
              Type 'number[]' is not assignable to type 'EasingFunction | Easing[]'.
                Type 'number[]' is not assignable to type 'Easing[]'.
                  Type 'number' is not assignable to type 'Easing'.

  [90m38 |[0m
  [90m39 |[0m       {[90m/* ── Header ── */[0m}
[31m[1m>[0m [90m40 |[0m       <motion.div {...fade([35m0[0m)} style={{ display: [32m'flex'[0m, 
justifyContent: [32m'space-between'[0m, ...
  [90m   |[0m        [31m[1m^[0m
  [90m41 |[0m         <[33mLink[0m href=[32m"/"[0m style={{ display: [32m'inline-flex'[0m, alignItems: 
[32m'center'[0m, gap: [35m6[0m, font...
  [90m42 |[0m           <[33mArrowLeft[0m size={[35m10[0m} /> [33mHome[0m
  [90m43 |[0m         </[33mLink[0m>
Next.js build worker exited with code: 1 and signal: null
